  Determining projects to restore...
  All projects are up-to-date for restore.
  EduCore.Entity -> C:\Users\hasan\Documents\EduCore\EduCore.Entity\bin\Debug\net10.0\EduCore.Entity.dll
  EduCore.DataAccess -> C:\Users\hasan\Documents\EduCore\EduCore.DataAccess\bin\Debug\net10.0\EduCore.DataAccess.dll
C:\Users\hasan\Documents\EduCore\EduCore.Business\Services\CourseService.cs(54,75): error CS1503: Argument 1: cannot convert from 'string' to 'int' [C:\Users\hasan\Documents\EduCore\EduCore.Business\EduCore.Business.csproj]
C:\Users\hasan\Documents\EduCore\EduCore.Business\Services\CourseService.cs(76,71): error CS1503: Argument 1: cannot convert from 'string' to 'int' [C:\Users\hasan\Documents\EduCore\EduCore.Business\EduCore.Business.csproj]
C:\Users\hasan\Documents\EduCore\EduCore.Business\Services\CourseService.cs(99,32): error CS0029: Cannot implicitly convert type 'int' to 'string' [C:\Users\hasan\Documents\EduCore\EduCore.Business\EduCore.Business.csproj]

Build FAILED.

C:\Users\hasan\Documents\EduCore\EduCore.Business\Services\CourseService.cs(54,75): error CS1503: Argument 1: cannot convert from 'string' to 'int' [C:\Users\hasan\Documents\EduCore\EduCore.Business\EduCore.Business.csproj]
C:\Users\hasan\Documents\EduCore\EduCore.Business\Services\CourseService.cs(76,71): error CS1503: Argument 1: cannot convert from 'string' to 'int' [C:\Users\hasan\Documents\EduCore\EduCore.Business\EduCore.Business.csproj]
C:\Users\hasan\Documents\EduCore\EduCore.Business\Services\CourseService.cs(99,32): error CS0029: Cannot implicitly convert type 'int' to 'string' [C:\Users\hasan\Documents\EduCore\EduCore.Business\EduCore.Business.csproj]
    0 Warning(s)
    3 Error(s)

Time Elapsed 00:00:01.30
